TranscriptId	AssignedGeneId	AlternativeGeneIds	ResolutionMethod
augPB-31017.t1		ENSG00000186654.21,ENSG00000248405.10	badAnnotOrTm
augPB-31017.t2		ENSG00000186654.21,ENSG00000248405.10	badAnnotOrTm
augPB-31018.t1		ENSG00000241484.9,ENSG00000248405.10	badAnnotOrTm
augPB-31018.t2		ENSG00000241484.9,ENSG00000248405.10	badAnnotOrTm
