TranscriptId	AssignedGeneId	AlternativeGeneIds	ResolutionMethod
augPB-32603.t1			
augPB-32603.t2			
