TranscriptId	AssignedGeneId	AlternativeGeneIds	ResolutionMethod
augPB-25262.t1	ENSG00000054267.22		
augPB-25263.t1	ENSG00000152904.11	ENSG00000285053.1	rescued
augPB-25265.t1	ENSG00000162885.13		
augPB-25265.t2	ENSG00000162885.13		
augPB-25264.t1	ENSG00000285053.1		rescued
