TranscriptId	AssignedGeneId	AlternativeGeneIds	ResolutionMethod
augPB-29891.t1	ENSG00000108883.13		
augPB-29891.t2	ENSG00000108883.13		
augPB-29890.t1	ENSG00000131097.7		
augPB-29890.t2	ENSG00000131097.7		
augPB-29890.t3	ENSG00000131097.7		
augPB-29890.t4	ENSG00000131097.7		
