TranscriptId	AssignedGeneId	AlternativeGeneIds	ResolutionMethod
augPB-9129.t1	ENSG00000254647.6	ENSG00000129965.15	rescued
augPB-9128.t1		ENSG00000129965.15,ENSG00000167244.21,ENSG00000284779.2	badAnnotOrTm
augPB-9128.t2		ENSG00000129965.15,ENSG00000167244.21,ENSG00000284779.2	badAnnotOrTm
augPB-9128.t3		ENSG00000129965.15,ENSG00000167244.21,ENSG00000284779.2	badAnnotOrTm
augPB-9128.t4		ENSG00000129965.15,ENSG00000167244.21,ENSG00000284779.2	badAnnotOrTm
