TranscriptId	AssignedGeneId	AlternativeGeneIds	ResolutionMethod
augPB-29850.t1	ENSG00000067596.12		
augPB-29851.t1	ENSG00000175832.13		
augPB-29851.t2	ENSG00000175832.13		
augPB-29851.t3	ENSG00000175832.13		
